// Jest Snapshot v1, https://goo.gl/fbAQLP

exports[`component test initial state 1`] = `
Object {
  "forceRefresh": false,
  "lang": "en",
  "translations": Object {},
}
`;

exports[`component test text with legacy support 1`] = `
<Provider
  store={
    Object {
      "dispatch": [Function],
      "getState": [Function],
      "replaceReducer": [Function],
      "subscribe": [Function],
      Symbol(observable): [Function],
    }
  }
>
  <Connect(I18nProvider)
    legacy={true}
    translations={
      Object {
        "de-DE": Object {
          "Hello": "Hallo",
        },
        "en": Object {
          "una noche": Object {
            "default": "one night",
            "only nights": "only one night",
          },
          "{n} noches": Object {
            "default": "{n} nights",
            "only nights": "only {n} nights",
          },
        },
        "es": Object {
          "Hello": "Hola",
          "Hello {name}!": "Hola {name}!",
          "YYYY-MM-DD": "DD/MM/YYYY",
        },
      }
    }
  >
    <I18nProvider
      dispatch={[Function]}
      initialLang="en"
      initialized={false}
      lang="en"
      legacy={true}
      translations={
        Object {
          "de-DE": Object {
            "Hello": "Hallo",
          },
          "en": Object {
            "una noche": Object {
              "default": "one night",
              "only nights": "only one night",
            },
            "{n} noches": Object {
              "default": "{n} nights",
              "only nights": "only {n} nights",
            },
          },
          "es": Object {
            "Hello": "Hola",
            "Hello {name}!": "Hola {name}!",
            "YYYY-MM-DD": "DD/MM/YYYY",
          },
        }
      }
      translationsFromRedux={Object {}}
      useReducer={false}
    >
      <Localized(WithLocalizeHOC)>
        <WithLocalizeHOC
          message={[Function]}
        >
          <div>
            Hello localized component!
          </div>
        </WithLocalizeHOC>
      </Localized(WithLocalizeHOC)>
    </I18nProvider>
  </Connect(I18nProvider)>
</Provider>
`;
